interface et1
    mtu 9000
    description Uplink1
    ip address 192.168.1.1/24 
    exit
interface et2
    mtu 9000
    description Uplink2
    ip address 192.168.2.1/24 
    exit
