no interface Port-Channel1
interface Port-Channel1
    no switchport
    no switchport
    description blah
    exit
no interface Port-Channel1.1
interface Port-Channel1.1
    exit
default interface Ethernet1
interface Ethernet1
    switchport trunk native vlan 1
    switchport access vlan 1
    switchport trunk allowed vlan 1-4094
    switchport mode access
    description This is a description
    exit
default interface Ethernet2
interface Ethernet2
    no switchport
    ip address 192.168.0.1/24 
    no switchport
    no switchport
    shutdown
    description so much oc
    mtu 1500
    exit
no interface Ethernet2.1
interface Ethernet2.1
    encapsulation dot1q vlan 1
    ip address 192.168.1.1/24 
    ip address 172.20.0.1/24 secondary
    description another subiface
    exit
no interface Ethernet2.2
interface Ethernet2.2
    encapsulation dot1q vlan 2
    ip address 192.168.2.1/24 
    description asdasdasd
    exit
default interface Management1
interface Management1
    ip address 10.0.2.15/24 
    mtu 1500
    exit
no interface Loopback0
interface Loopback0
    description new loopback
    exit
no interface Loopback1
