{"components": {"component": {"xcvrSlots_6/13": {"state": {"name": "xcvrSlots_6/13", "serial-no": "XLA162100079", "part-no": "QSFP-40G-UNIV", "mfg-name": "Arista Networks", "type": "TRANSCEIVER"}, "name": "xcvrSlots_6/13"}, "xcvrSlots_6/12": {"state": {"name": "xcvrSlots_6/12", "serial-no": "XLA162100055", "part-no": "QSFP-40G-UNIV", "mfg-name": "Arista Networks", "type": "TRANSCEIVER"}, "name": "xcvrSlots_6/12"}, "xcvrSlots_6/4": {"state": {"name": "xcvrSlots_6/4", "serial-no": "XLA153600141", "part-no": "QSFP-40G-UNIV", "mfg-name": "Arista Networks", "type": "TRANSCEIVER"}, "name": "xcvrSlots_6/4"}, "xcvrSlots_5/18": {"state": {"name": "xcvrSlots_5/18", "serial-no": "XLA163600360", "part-no": "QSFP-40G-UNIV", "mfg-name": "Arista Networks", "type": "TRANSCEIVER"}, "name": "xcvrSlots_5/18"}, "cardSlots_Supervisor1": {"state": {"name": "cardSlots_Supervisor1", "serial-no": "JPE14044652", "part-no": "DCS-7500E-SUP", "mfg-name": "", "type": "LINECARD"}, "name": "cardSlots_Supervisor1"}, "xcvrSlots_5/2": {"state": {"name": "xcvrSlots_5/2", "serial-no": "XLA153500549", "part-no": "QSFP-40G-UNIV", "mfg-name": "Arista Networks", "type": "TRANSCEIVER"}, "name": "xcvrSlots_5/2"}, "xcvrSlots_5/3": {"state": {"name": "xcvrSlots_5/3", "serial-no": "XLA153600205", "part-no": "QSFP-40G-UNIV", "mfg-name": "Arista Networks", "type": "TRANSCEIVER"}, "name": "xcvrSlots_5/3"}, "xcvrSlots_5/1": {"state": {"name": "xcvrSlots_5/1", "serial-no": "XTH1537000RV", "part-no": "QSFP-40G-UNIV", "mfg-name": "Arista Networks", "type": "TRANSCEIVER"}, "name": "xcvrSlots_5/1"}, "xcvrSlots_5/6": {"state": {"name": "xcvrSlots_5/6", "serial-no": "XLA153600085", "part-no": "QSFP-40G-UNIV", "mfg-name": "Arista Networks", "type": "TRANSCEIVER"}, "name": "xcvrSlots_5/6"}, "xcvrSlots_5/7": {"state": {"name": "xcvrSlots_5/7", "serial-no": "XLA153600151", "part-no": "QSFP-40G-UNIV", "mfg-name": "Arista Networks", "type": "TRANSCEIVER"}, "name": "xcvrSlots_5/7"}, "xcvrSlots_5/4": {"state": {"name": "xcvrSlots_5/4", "serial-no": "XLA153600039", "part-no": "QSFP-40G-UNIV", "mfg-name": "Arista Networks", "type": "TRANSCEIVER"}, "name": "xcvrSlots_5/4"}, "xcvrSlots_5/5": {"state": {"name": "xcvrSlots_5/5", "serial-no": "XLA153600017", "part-no": "QSFP-40G-UNIV", "mfg-name": "Arista Networks", "type": "TRANSCEIVER"}, "name": "xcvrSlots_5/5"}, "xcvrSlots_4/3": {"state": {"name": "xcvrSlots_4/3", "serial-no": "XAN0ED318042", "part-no": "SFP10GSRL-ARISTA", "mfg-name": "Arista Networks", "type": "TRANSCEIVER"}, "name": "xcvrSlots_4/3"}, "xcvrSlots_4/2": {"state": {"name": "xcvrSlots_4/2", "serial-no": "XCW1314FE0F9", "part-no": "SFP-10G-SRL", "mfg-name": "Arista Networks", "type": "TRANSCEIVER"}, "name": "xcvrSlots_4/2"}, "xcvrSlots_5/8": {"state": {"name": "xcvrSlots_5/8", "serial-no": "XLA153600196", "part-no": "QSFP-40G-UNIV", "mfg-name": "Arista Networks", "type": "TRANSCEIVER"}, "name": "xcvrSlots_5/8"}, "xcvrSlots_5/9": {"state": {"name": "xcvrSlots_5/9", "serial-no": "XLA163600181", "part-no": "QSFP-40G-UNIV", "mfg-name": "Arista Networks", "type": "TRANSCEIVER"}, "name": "xcvrSlots_5/9"}, "xcvrSlots_4/5": {"state": {"name": "xcvrSlots_4/5", "serial-no": "XAN1017A3653", "part-no": "SFP10GSRL-ARISTA", "mfg-name": "Arista Networks", "type": "TRANSCEIVER"}, "name": "xcvrSlots_4/5"}, "xcvrSlots_4/4": {"state": {"name": "xcvrSlots_4/4", "serial-no": "XCW1320FE0TQ", "part-no": "SFP-10G-SRL", "mfg-name": "Arista Networks", "type": "TRANSCEIVER"}, "name": "xcvrSlots_4/4"}, "xcvrSlots_6/15": {"state": {"name": "xcvrSlots_6/15", "serial-no": "XLA161900940", "part-no": "QSFP-40G-UNIV", "mfg-name": "Arista Networks", "type": "TRANSCEIVER"}, "name": "xcvrSlots_6/15"}, "xcvrSlots_6/14": {"state": {"name": "xcvrSlots_6/14", "serial-no": "XLA162100059", "part-no": "QSFP-40G-UNIV", "mfg-name": "Arista Networks", "type": "TRANSCEIVER"}, "name": "xcvrSlots_6/14"}, "xcvrSlots_6/17": {"state": {"name": "xcvrSlots_6/17", "serial-no": "XLA162100393", "part-no": "QSFP-40G-UNIV", "mfg-name": "Arista Networks", "type": "TRANSCEIVER"}, "name": "xcvrSlots_6/17"}, "xcvrSlots_6/16": {"state": {"name": "xcvrSlots_6/16", "serial-no": "XTH1603000AW", "part-no": "QSFP-40G-UNIV", "mfg-name": "Arista Networks", "type": "TRANSCEIVER"}, "name": "xcvrSlots_6/16"}, "xcvrSlots_6/11": {"state": {"name": "xcvrSlots_6/11", "serial-no": "XLA153600154", "part-no": "QSFP-40G-UNIV", "mfg-name": "Arista Networks", "type": "TRANSCEIVER"}, "name": "xcvrSlots_6/11"}, "xcvrSlots_6/10": {"state": {"name": "xcvrSlots_6/10", "serial-no": "XTH1605000G7", "part-no": "QSFP-40G-UNIV", "mfg-name": "Arista Networks", "type": "TRANSCEIVER"}, "name": "xcvrSlots_6/10"}, "xcvrSlots_5/12": {"state": {"name": "xcvrSlots_5/12", "serial-no": "XLA160900525", "part-no": "QSFP-40G-UNIV", "mfg-name": "Arista Networks", "type": "TRANSCEIVER"}, "name": "xcvrSlots_5/12"}, "xcvrSlots_5/13": {"state": {"name": "xcvrSlots_5/13", "serial-no": "XLA163800401", "part-no": "QSFP-40G-UNIV", "mfg-name": "Arista Networks", "type": "TRANSCEIVER"}, "name": "xcvrSlots_5/13"}, "xcvrSlots_6/19": {"state": {"name": "xcvrSlots_6/19", "serial-no": "XTH16030013N", "part-no": "QSFP-40G-UNIV", "mfg-name": "Arista Networks", "type": "TRANSCEIVER"}, "name": "xcvrSlots_6/19"}, "xcvrSlots_6/18": {"state": {"name": "xcvrSlots_6/18", "serial-no": "XLA160800021", "part-no": "QSFP-40G-UNIV", "mfg-name": "Arista Networks", "type": "TRANSCEIVER"}, "name": "xcvrSlots_6/18"}, "xcvrSlots_3/1": {"state": {"name": "xcvrSlots_3/1", "serial-no": "XCW1320FE0AH", "part-no": "SFP-10G-SRL", "mfg-name": "Arista Networks", "type": "TRANSCEIVER"}, "name": "xcvrSlots_3/1"}, "xcvrSlots_3/2": {"state": {"name": "xcvrSlots_3/2", "serial-no": "XCW1312FE1CK", "part-no": "SFP-10G-SRL", "mfg-name": "Arista Networks", "type": "TRANSCEIVER"}, "name": "xcvrSlots_3/2"}, "xcvrSlots_3/3": {"state": {"name": "xcvrSlots_3/3", "serial-no": "XAN0ED318049", "part-no": "SFP10GSRL-ARISTA", "mfg-name": "Arista Networks", "type": "TRANSCEIVER"}, "name": "xcvrSlots_3/3"}, "xcvrSlots_3/5": {"state": {"name": "xcvrSlots_3/5", "serial-no": "XAN1017A3652", "part-no": "SFP10GSRL-ARISTA", "mfg-name": "Arista Networks", "type": "TRANSCEIVER"}, "name": "xcvrSlots_3/5"}, "cardSlots_Fabric4": {"state": {"name": "cardSlots_Fabric4", "serial-no": "JPE13492642", "part-no": "7504E-FM", "mfg-name": "", "type": "LINECARD"}, "name": "cardSlots_Fabric4"}, "cardSlots_Fabric5": {"state": {"name": "cardSlots_Fabric5", "serial-no": "JPE13470733", "part-no": "7504E-FM", "mfg-name": "", "type": "LINECARD"}, "name": "cardSlots_Fabric5"}, "cardSlots_Fabric6": {"state": {"name": "cardSlots_Fabric6", "serial-no": "JPE13473813", "part-no": "7504E-FM", "mfg-name": "", "type": "LINECARD"}, "name": "cardSlots_Fabric6"}, "cardSlots_Fabric1": {"state": {"name": "cardSlots_Fabric1", "serial-no": "JPE13470767", "part-no": "7504E-FM", "mfg-name": "", "type": "LINECARD"}, "name": "cardSlots_Fabric1"}, "cardSlots_Fabric2": {"state": {"name": "cardSlots_Fabric2", "serial-no": "JPE13470700", "part-no": "7504E-FM", "mfg-name": "", "type": "LINECARD"}, "name": "cardSlots_Fabric2"}, "cardSlots_Fabric3": {"state": {"name": "cardSlots_Fabric3", "serial-no": "JPE13470749", "part-no": "7504E-FM", "mfg-name": "", "type": "LINECARD"}, "name": "cardSlots_Fabric3"}, "xcvrSlots_3/34": {"state": {"name": "xcvrSlots_3/34", "serial-no": "XAP1025T6009", "part-no": "SFP-10G-ER", "mfg-name": "Arista Networks", "type": "TRANSCEIVER"}, "name": "xcvrSlots_3/34"}, "xcvrSlots_3/35": {"state": {"name": "xcvrSlots_3/35", "serial-no": "XAN0FD692786", "part-no": "SFP10G-LR-ARISTA", "mfg-name": "Arista Networks", "type": "TRANSCEIVER"}, "name": "xcvrSlots_3/35"}, "xcvrSlots_3/36": {"state": {"name": "xcvrSlots_3/36", "serial-no": "XAN0FD692787", "part-no": "SFP10G-LR-ARISTA", "mfg-name": "Arista Networks", "type": "TRANSCEIVER"}, "name": "xcvrSlots_3/36"}, "xcvrSlots_6/20": {"state": {"name": "xcvrSlots_6/20", "serial-no": "XLA162200005", "part-no": "QSFP-40G-UNIV", "mfg-name": "Arista Networks", "type": "TRANSCEIVER"}, "name": "xcvrSlots_6/20"}, "xcvrSlots_6/21": {"state": {"name": "xcvrSlots_6/21", "serial-no": "XTH16070000C", "part-no": "QSFP-40G-UNIV", "mfg-name": "Arista Networks", "type": "TRANSCEIVER"}, "name": "xcvrSlots_6/21"}, "xcvrSlots_6/22": {"state": {"name": "xcvrSlots_6/22", "serial-no": "XLA162200592", "part-no": "QSFP-40G-UNIV", "mfg-name": "Arista Networks", "type": "TRANSCEIVER"}, "name": "xcvrSlots_6/22"}, "xcvrSlots_6/23": {"state": {"name": "xcvrSlots_6/23", "serial-no": "XLA162200392", "part-no": "QSFP-40G-UNIV", "mfg-name": "Arista Networks", "type": "TRANSCEIVER"}, "name": "xcvrSlots_6/23"}, "xcvrSlots_6/24": {"state": {"name": "xcvrSlots_6/24", "serial-no": "XLA162100696", "part-no": "QSFP-40G-UNIV", "mfg-name": "Arista Networks", "type": "TRANSCEIVER"}, "name": "xcvrSlots_6/24"}, "xcvrSlots_6/25": {"state": {"name": "xcvrSlots_6/25", "serial-no": "XLA162200388", "part-no": "QSFP-40G-UNIV", "mfg-name": "Arista Networks", "type": "TRANSCEIVER"}, "name": "xcvrSlots_6/25"}, "xcvrSlots_6/26": {"state": {"name": "xcvrSlots_6/26", "serial-no": "XLA163300333", "part-no": "QSFP-40G-UNIV", "mfg-name": "Arista Networks", "type": "TRANSCEIVER"}, "name": "xcvrSlots_6/26"}, "xcvrSlots_6/27": {"state": {"name": "xcvrSlots_6/27", "serial-no": "XLA163800400", "part-no": "QSFP-40G-UNIV", "mfg-name": "Arista Networks", "type": "TRANSCEIVER"}, "name": "xcvrSlots_6/27"}, "xcvrSlots_6/28": {"state": {"name": "xcvrSlots_6/28", "serial-no": "XLA163600368", "part-no": "QSFP-40G-UNIV", "mfg-name": "Arista Networks", "type": "TRANSCEIVER"}, "name": "xcvrSlots_6/28"}, "xcvrSlots_6/29": {"state": {"name": "xcvrSlots_6/29", "serial-no": "XLA163800357", "part-no": "QSFP-40G-UNIV", "mfg-name": "Arista Networks", "type": "TRANSCEIVER"}, "name": "xcvrSlots_6/29"}, "xcvrSlots_6/5": {"state": {"name": "xcvrSlots_6/5", "serial-no": "XLA160300413", "part-no": "QSFP-40G-UNIV", "mfg-name": "Arista Networks", "type": "TRANSCEIVER"}, "name": "xcvrSlots_6/5"}, "cardSlots_Supervisor2": {"state": {"name": "cardSlots_Supervisor2", "serial-no": "JPE13362385", "part-no": "DCS-7500E-SUP", "mfg-name": "", "type": "LINECARD"}, "name": "cardSlots_Supervisor2"}, "xcvrSlots_6/7": {"state": {"name": "xcvrSlots_6/7", "serial-no": "XLA162000066", "part-no": "QSFP-40G-UNIV", "mfg-name": "Arista Networks", "type": "TRANSCEIVER"}, "name": "xcvrSlots_6/7"}, "xcvrSlots_6/6": {"state": {"name": "xcvrSlots_6/6", "serial-no": "XLA162100377", "part-no": "QSFP-40G-UNIV", "mfg-name": "Arista Networks", "type": "TRANSCEIVER"}, "name": "xcvrSlots_6/6"}, "xcvrSlots_6/1": {"state": {"name": "xcvrSlots_6/1", "serial-no": "XLA155300202", "part-no": "QSFP-40G-UNIV", "mfg-name": "Arista Networks", "type": "TRANSCEIVER"}, "name": "xcvrSlots_6/1"}, "xcvrSlots_6/3": {"state": {"name": "xcvrSlots_6/3", "serial-no": "XLA160300373", "part-no": "QSFP-40G-UNIV", "mfg-name": "Arista Networks", "type": "TRANSCEIVER"}, "name": "xcvrSlots_6/3"}, "xcvrSlots_6/2": {"state": {"name": "xcvrSlots_6/2", "serial-no": "XLA155100408", "part-no": "QSFP-40G-UNIV", "mfg-name": "Arista Networks", "type": "TRANSCEIVER"}, "name": "xcvrSlots_6/2"}, "xcvrSlots_6/9": {"state": {"name": "xcvrSlots_6/9", "serial-no": "XLA162100152", "part-no": "QSFP-40G-UNIV", "mfg-name": "Arista Networks", "type": "TRANSCEIVER"}, "name": "xcvrSlots_6/9"}, "xcvrSlots_6/8": {"state": {"name": "xcvrSlots_6/8", "serial-no": "XLA162100371", "part-no": "QSFP-40G-UNIV", "mfg-name": "Arista Networks", "type": "TRANSCEIVER"}, "name": "xcvrSlots_6/8"}, "xcvrSlots_6/33": {"state": {"name": "xcvrSlots_6/33", "serial-no": "XLA163800402", "part-no": "QSFP-40G-UNIV", "mfg-name": "Arista Networks", "type": "TRANSCEIVER"}, "name": "xcvrSlots_6/33"}, "xcvrSlots_6/32": {"state": {"name": "xcvrSlots_6/32", "serial-no": "XLA163800430", "part-no": "QSFP-40G-UNIV", "mfg-name": "Arista Networks", "type": "TRANSCEIVER"}, "name": "xcvrSlots_6/32"}, "xcvrSlots_6/31": {"state": {"name": "xcvrSlots_6/31", "serial-no": "XLA163800408", "part-no": "QSFP-40G-UNIV", "mfg-name": "Arista Networks", "type": "TRANSCEIVER"}, "name": "xcvrSlots_6/31"}, "xcvrSlots_6/30": {"state": {"name": "xcvrSlots_6/30", "serial-no": "XLA163800359", "part-no": "QSFP-40G-UNIV", "mfg-name": "Arista Networks", "type": "TRANSCEIVER"}, "name": "xcvrSlots_6/30"}, "systemInformation": {"state": {"name": "systemInformation", "serial-no": "HSH13485008", "part-no": "DCS-7504", "mfg-name": "", "version": "02.00", "type": "CHASSIS"}, "name": "systemInformation"}, "xcvrSlots_3/50": {"state": {"name": "xcvrSlots_3/50", "serial-no": "JPE13510257", "part-no": "7500E-72S-LC", "mfg-name": "Arista Networks", "type": "TRANSCEIVER"}, "name": "xcvrSlots_3/50"}, "xcvrSlots_3/49": {"state": {"name": "xcvrSlots_3/49", "serial-no": "JPE13510257", "part-no": "7500E-72S-LC", "mfg-name": "Arista Networks", "type": "TRANSCEIVER"}, "name": "xcvrSlots_3/49"}, "xcvrSlots_3/48": {"state": {"name": "xcvrSlots_3/48", "serial-no": "XMD1018MCF8D", "part-no": "SFP-1G-T", "mfg-name": "Arista Networks", "type": "TRANSCEIVER"}, "name": "xcvrSlots_3/48"}, "xcvrSlots_4/48": {"state": {"name": "xcvrSlots_4/48", "serial-no": "XMD1018MCF6J", "part-no": "SFP-1G-T", "mfg-name": "Arista Networks", "type": "TRANSCEIVER"}, "name": "xcvrSlots_4/48"}, "xcvrSlots_4/49": {"state": {"name": "xcvrSlots_4/49", "serial-no": "JPE13510269", "part-no": "7500E-72S-LC", "mfg-name": "Arista Networks", "type": "TRANSCEIVER"}, "name": "xcvrSlots_4/49"}, "cardSlots_Linecard6": {"state": {"name": "cardSlots_Linecard6", "serial-no": "JPE16030547", "part-no": "7500E-36Q-LC", "mfg-name": "", "type": "LINECARD"}, "name": "cardSlots_Linecard6"}, "cardSlots_Linecard5": {"state": {"name": "cardSlots_Linecard5", "serial-no": "JPE16030542", "part-no": "7500E-36Q-LC", "mfg-name": "", "type": "LINECARD"}, "name": "cardSlots_Linecard5"}, "cardSlots_Linecard4": {"state": {"name": "cardSlots_Linecard4", "serial-no": "JPE13510269", "part-no": "7500E-72S-LC", "mfg-name": "", "type": "LINECARD"}, "name": "cardSlots_Linecard4"}, "cardSlots_Linecard3": {"state": {"name": "cardSlots_Linecard3", "serial-no": "JPE13510257", "part-no": "7500E-72S-LC", "mfg-name": "", "type": "LINECARD"}, "name": "cardSlots_Linecard3"}, "xcvrSlots_4/50": {"state": {"name": "xcvrSlots_4/50", "serial-no": "JPE13510269", "part-no": "7500E-72S-LC", "mfg-name": "Arista Networks", "type": "TRANSCEIVER"}, "name": "xcvrSlots_4/50"}, "xcvrSlots_4/1": {"state": {"name": "xcvrSlots_4/1", "serial-no": "XCW1312FE1QK", "part-no": "SFP-10G-SRL", "mfg-name": "Arista Networks", "type": "TRANSCEIVER"}, "name": "xcvrSlots_4/1"}, "fanTraySlots_5": {"state": {"name": "fanTraySlots_5", "serial-no": "JPE13470733", "part-no": "7504E-FM", "mfg-name": "", "type": "FAN"}, "name": "fanTraySlots_5"}, "fanTraySlots_4": {"state": {"name": "fanTraySlots_4", "serial-no": "JPE13492642", "part-no": "7504E-FM", "mfg-name": "", "type": "FAN"}, "name": "fanTraySlots_4"}, "fanTraySlots_6": {"state": {"name": "fanTraySlots_6", "serial-no": "JPE13473813", "part-no": "7504E-FM", "mfg-name": "", "type": "FAN"}, "name": "fanTraySlots_6"}, "fanTraySlots_1": {"state": {"name": "fanTraySlots_1", "serial-no": "JPE13470767", "part-no": "7504E-FM", "mfg-name": "", "type": "FAN"}, "name": "fanTraySlots_1"}, "fanTraySlots_3": {"state": {"name": "fanTraySlots_3", "serial-no": "JPE13470749", "part-no": "7504E-FM", "mfg-name": "", "type": "FAN"}, "name": "fanTraySlots_3"}, "fanTraySlots_2": {"state": {"name": "fanTraySlots_2", "serial-no": "JPE13470700", "part-no": "7504E-FM", "mfg-name": "", "type": "FAN"}, "name": "fanTraySlots_2"}, "powerSupplySlots_2": {"state": {"name": "powerSupplySlots_2", "serial-no": "G100M3000402P", "part-no": "PWR-2900AC", "mfg-name": "", "type": "POWER_SUPPLY"}, "name": "powerSupplySlots_2"}, "powerSupplySlots_3": {"state": {"name": "powerSupplySlots_3", "serial-no": "G100M1000902P", "part-no": "PWR-2900AC", "mfg-name": "", "type": "POWER_SUPPLY"}, "name": "powerSupplySlots_3"}, "powerSupplySlots_1": {"state": {"name": "powerSupplySlots_1", "serial-no": "G100M3000502P", "part-no": "PWR-2900AC", "mfg-name": "", "type": "POWER_SUPPLY"}, "name": "powerSupplySlots_1"}, "powerSupplySlots_4": {"state": {"name": "powerSupplySlots_4", "serial-no": "G100M100MA02P", "part-no": "PWR-2900AC", "mfg-name": "", "type": "POWER_SUPPLY"}, "name": "powerSupplySlots_4"}, "xcvrSlots_5/10": {"state": {"name": "xcvrSlots_5/10", "serial-no": "XLA163100576", "part-no": "QSFP-40G-UNIV", "mfg-name": "Arista Networks", "type": "TRANSCEIVER"}, "name": "xcvrSlots_5/10"}, "xcvrSlots_5/11": {"state": {"name": "xcvrSlots_5/11", "serial-no": "XLA163800411", "part-no": "QSFP-40G-UNIV", "mfg-name": "Arista Networks", "type": "TRANSCEIVER"}, "name": "xcvrSlots_5/11"}}}}
